// Jest Snapshot v1, https://goo.gl/fbAQLP

exports[`App File Testing Checking htmlElement input is in the document are not 1`] = `
Object {
  "asFragment": [Function],
  "baseElement": <body>
    <div>
      <main>
        <h1
          class="main-header"
        >
          CSV - Table (Formatter)
        </h1>
        <div
          class="main-parent-div-view"
          style="max-width: 1000vw; display: flex; gap: 1em;"
        >
          <div
            class="left-side-childDiv-screen-view"
          >
            <h2
              class="left-screen-childDiv-view-main-head"
            >
              Click on "Select File" button to see some magic happen
            </h2>
            <section
              class="left-chidDiv-section-view"
              style="margin: 2em;"
            >
              <label
                class="custom-file-upload"
              >
                Select File
                <input
                  accept=".csv"
                  class="left-screen-chidDiv-input-view"
                  data-testid="inputFile"
                  type="file"
                />
              </label>
              <div
                class="leftSide-screen-childDiv-show-csv-view"
              >
                <div>
                  <h2
                    class="OnErrorF-left-ChildDiv-csvDataSec-head"
                  >
                    You can check your csv file here!
                  </h2>
                  <pre
                    class="left-childDiv-pre-tag-secView"
                  />
                </div>
              </div>
            </section>
          </div>
          <div
            class="rightside-childDiv-view"
          >
            <h1
              class="right-chidDiv-main-head"
            >
              Table Format
            </h1>
          </div>
        </div>
      </main>
    </div>
  </body>,
  "container": <div>
    <main>
      <h1
        class="main-header"
      >
        CSV - Table (Formatter)
      </h1>
      <div
        class="main-parent-div-view"
        style="max-width: 1000vw; display: flex; gap: 1em;"
      >
        <div
          class="left-side-childDiv-screen-view"
        >
          <h2
            class="left-screen-childDiv-view-main-head"
          >
            Click on "Select File" button to see some magic happen
          </h2>
          <section
            class="left-chidDiv-section-view"
            style="margin: 2em;"
          >
            <label
              class="custom-file-upload"
            >
              Select File
              <input
                accept=".csv"
                class="left-screen-chidDiv-input-view"
                data-testid="inputFile"
                type="file"
              />
            </label>
            <div
              class="leftSide-screen-childDiv-show-csv-view"
            >
              <div>
                <h2
                  class="OnErrorF-left-ChildDiv-csvDataSec-head"
                >
                  You can check your csv file here!
                </h2>
                <pre
                  class="left-childDiv-pre-tag-secView"
                />
              </div>
            </div>
          </section>
        </div>
        <div
          class="rightside-childDiv-view"
        >
          <h1
            class="right-chidDiv-main-head"
          >
            Table Format
          </h1>
        </div>
      </div>
    </main>
  </div>,
  "debug": [Function],
  "findAllByAltText": [Function],
  "findAllByDisplayValue": [Function],
  "findAllByLabelText": [Function],
  "findAllByPlaceholderText": [Function],
  "findAllByRole": [Function],
  "findAllByTestId": [Function],
  "findAllByText": [Function],
  "findAllByTitle": [Function],
  "findByAltText": [Function],
  "findByDisplayValue": [Function],
  "findByLabelText": [Function],
  "findByPlaceholderText": [Function],
  "findByRole": [Function],
  "findByTestId": [Function],
  "findByText": [Function],
  "findByTitle": [Function],
  "getAllByAltText": [Function],
  "getAllByDisplayValue": [Function],
  "getAllByLabelText": [Function],
  "getAllByPlaceholderText": [Function],
  "getAllByRole": [Function],
  "getAllByTestId": [Function],
  "getAllByText": [Function],
  "getAllByTitle": [Function],
  "getByAltText": [Function],
  "getByDisplayValue": [Function],
  "getByLabelText": [Function],
  "getByPlaceholderText": [Function],
  "getByRole": [Function],
  "getByTestId": [Function],
  "getByText": [Function],
  "getByTitle": [Function],
  "queryAllByAltText": [Function],
  "queryAllByDisplayValue": [Function],
  "queryAllByLabelText": [Function],
  "queryAllByPlaceholderText": [Function],
  "queryAllByRole": [Function],
  "queryAllByTestId": [Function],
  "queryAllByText": [Function],
  "queryAllByTitle": [Function],
  "queryByAltText": [Function],
  "queryByDisplayValue": [Function],
  "queryByLabelText": [Function],
  "queryByPlaceholderText": [Function],
  "queryByRole": [Function],
  "queryByTestId": [Function],
  "queryByText": [Function],
  "queryByTitle": [Function],
  "rerender": [Function],
  "unmount": [Function],
}
`;
